// Jest Snapshot v1, https://goo.gl/fbAQLP

exports[`Should change price if input is valid 1`] = `ShallowWrapper {}`;

exports[`Should not change price if invalid input 1`] = `ShallowWrapper {}`;

exports[`Should render error for form submissions with missing stuff 1`] = `ShallowWrapper {}`;

exports[`Should render error for form submissions with missing stuff 2`] = `ShallowWrapper {}`;

exports[`Should set coffeeName on change 1`] = `ShallowWrapper {}`;

exports[`Should toggle component when isStick is set 1`] = `ShallowWrapper {}`;

exports[`Should toggle component when isStick is set 2`] = `ShallowWrapper {}`;

exports[`should render Coffee form correctly 1`] = `ShallowWrapper {}`;
